train/images/image120-1.jpg train/labels/image120-1.jpg
train/images/image120-2.jpg train/labels/image120-2.jpg
train/images/image121-0.jpg train/labels/image121-0.jpg
train/images/image121-1.jpg train/labels/image121-1.jpg
train/images/image121-2.jpg train/labels/image121-2.jpg
train/images/image122-0.jpg train/labels/image122-0.jpg
train/images/image122-1.jpg train/labels/image122-1.jpg
train/images/image122-2.jpg train/labels/image122-2.jpg
train/images/image123-0.jpg train/labels/image123-0.jpg
train/images/image123-1.jpg train/labels/image123-1.jpg
train/images/image123-2.jpg train/labels/image123-2.jpg
train/images/image124-0.jpg train/labels/image124-0.jpg
train/images/image124-1.jpg train/labels/image124-1.jpg
train/images/image124-2.jpg train/labels/image124-2.jpg
train/images/image125-0.jpg train/labels/image125-0.jpg
train/images/image125-1.jpg train/labels/image125-1.jpg
train/images/image125-2.jpg train/labels/image125-2.jpg
train/images/image126-0.jpg train/labels/image126-0.jpg
train/images/image126-1.jpg train/labels/image126-1.jpg
train/images/image126-2.jpg train/labels/image126-2.jpg
train/images/image127-0.jpg train/labels/image127-0.jpg
train/images/image127-1.jpg train/labels/image127-1.jpg
train/images/image127-2.jpg train/labels/image127-2.jpg
train/images/image128-0.jpg train/labels/image128-0.jpg
train/images/image128-1.jpg train/labels/image128-1.jpg
train/images/image128-2.jpg train/labels/image128-2.jpg
train/images/image129-0.jpg train/labels/image129-0.jpg
train/images/image129-1.jpg train/labels/image129-1.jpg
train/images/image129-2.jpg train/labels/image129-2.jpg
train/images/image130-0.jpg train/labels/image130-0.jpg
train/images/image130-1.jpg train/labels/image130-1.jpg
train/images/image130-2.jpg train/labels/image130-2.jpg
train/images/image131-0.jpg train/labels/image131-0.jpg
train/images/image131-1.jpg train/labels/image131-1.jpg
train/images/image131-2.jpg train/labels/image131-2.jpg
train/images/image132-2.jpg train/labels/image132-2.jpg
train/images/image133-0.jpg train/labels/image133-0.jpg
train/images/image133-1.jpg train/labels/image133-1.jpg
train/images/image133-2.jpg train/labels/image133-2.jpg
train/images/image134-0.jpg train/labels/image134-0.jpg
train/images/image134-1.jpg train/labels/image134-1.jpg
train/images/image134-2.jpg train/labels/image134-2.jpg
train/images/image135-0.jpg train/labels/image135-0.jpg
train/images/image135-1.jpg train/labels/image135-1.jpg
train/images/image135-2.jpg train/labels/image135-2.jpg
train/images/image137-0.jpg train/labels/image137-0.jpg
train/images/image137-1.jpg train/labels/image137-1.jpg
train/images/image137-2.jpg train/labels/image137-2.jpg
train/images/image138-0.jpg train/labels/image138-0.jpg
train/images/image138-1.jpg train/labels/image138-1.jpg
train/images/image138-2.jpg train/labels/image138-2.jpg
train/images/image139-0.jpg train/labels/image139-0.jpg
train/images/image139-1.jpg train/labels/image139-1.jpg
train/images/image139-2.jpg train/labels/image139-2.jpg
train/images/image140-0.jpg train/labels/image140-0.jpg
train/images/image140-1.jpg train/labels/image140-1.jpg
train/images/image140-2.jpg train/labels/image140-2.jpg
train/images/image141-0.jpg train/labels/image141-0.jpg
train/images/image141-1.jpg train/labels/image141-1.jpg
train/images/image141-2.jpg train/labels/image141-2.jpg
train/images/image142-0.jpg train/labels/image142-0.jpg
train/images/image142-1.jpg train/labels/image142-1.jpg
train/images/image142-2.jpg train/labels/image142-2.jpg
train/images/image143-0.jpg train/labels/image143-0.jpg
train/images/image143-1.jpg train/labels/image143-1.jpg
train/images/image143-2.jpg train/labels/image143-2.jpg
train/images/image144-0.jpg train/labels/image144-0.jpg
train/images/image144-1.jpg train/labels/image144-1.jpg
train/images/image144-2.jpg train/labels/image144-2.jpg
train/images/image145-0.jpg train/labels/image145-0.jpg
train/images/image145-1.jpg train/labels/image145-1.jpg
train/images/image145-2.jpg train/labels/image145-2.jpg
train/images/image146-0.jpg train/labels/image146-0.jpg
train/images/image146-1.jpg train/labels/image146-1.jpg
train/images/image146-2.jpg train/labels/image146-2.jpg
train/images/image147-0.jpg train/labels/image147-0.jpg
train/images/image147-1.jpg train/labels/image147-1.jpg
train/images/image147-2.jpg train/labels/image147-2.jpg
train/images/image148-0.jpg train/labels/image148-0.jpg
train/images/image148-1.jpg train/labels/image148-1.jpg
train/images/image148-2.jpg train/labels/image148-2.jpg
train/images/image149-0.jpg train/labels/image149-0.jpg
train/images/image149-1.jpg train/labels/image149-1.jpg
train/images/image149-2.jpg train/labels/image149-2.jpg
train/images/image150-0.jpg train/labels/image150-0.jpg
train/images/image150-1.jpg train/labels/image150-1.jpg
train/images/image150-2.jpg train/labels/image150-2.jpg
train/images/image151-0.jpg train/labels/image151-0.jpg
train/images/image151-1.jpg train/labels/image151-1.jpg
train/images/image151-2.jpg train/labels/image151-2.jpg
train/images/image152-0.jpg train/labels/image152-0.jpg
train/images/image152-1.jpg train/labels/image152-1.jpg
train/images/image152-2.jpg train/labels/image152-2.jpg
train/images/image153-0.jpg train/labels/image153-0.jpg
train/images/image153-1.jpg train/labels/image153-1.jpg
train/images/image153-2.jpg train/labels/image153-2.jpg
train/images/image154-0.jpg train/labels/image154-0.jpg
train/images/image154-1.jpg train/labels/image154-1.jpg
train/images/image154-2.jpg train/labels/image154-2.jpg
train/images/image155-0.jpg train/labels/image155-0.jpg
train/images/image156-0.jpg train/labels/image156-0.jpg
train/images/image156-1.jpg train/labels/image156-1.jpg
train/images/image156-2.jpg train/labels/image156-2.jpg
train/images/image157-0.jpg train/labels/image157-0.jpg
train/images/image157-1.jpg train/labels/image157-1.jpg
train/images/image157-2.jpg train/labels/image157-2.jpg
train/images/image158-0.jpg train/labels/image158-0.jpg
train/images/image158-1.jpg train/labels/image158-1.jpg
train/images/image158-2.jpg train/labels/image158-2.jpg
train/images/image159-1.jpg train/labels/image159-1.jpg
train/images/image159-2.jpg train/labels/image159-2.jpg
train/images/image160-0.jpg train/labels/image160-0.jpg
train/images/image160-1.jpg train/labels/image160-1.jpg
train/images/image160-2.jpg train/labels/image160-2.jpg
train/images/image161-2.jpg train/labels/image161-2.jpg
train/images/image162-0.jpg train/labels/image162-0.jpg
train/images/image162-1.jpg train/labels/image162-1.jpg
train/images/image163-0.jpg train/labels/image163-0.jpg
train/images/image163-1.jpg train/labels/image163-1.jpg
train/images/image163-2.jpg train/labels/image163-2.jpg
train/images/image164-0.jpg train/labels/image164-0.jpg
train/images/image164-1.jpg train/labels/image164-1.jpg
train/images/image164-2.jpg train/labels/image164-2.jpg
train/images/image165-2.jpg train/labels/image165-2.jpg
train/images/image167-0.jpg train/labels/image167-0.jpg
train/images/image167-1.jpg train/labels/image167-1.jpg
train/images/image167-2.jpg train/labels/image167-2.jpg
train/images/image168-0.jpg train/labels/image168-0.jpg
train/images/image168-1.jpg train/labels/image168-1.jpg
train/images/image168-2.jpg train/labels/image168-2.jpg
train/images/image169-0.jpg train/labels/image169-0.jpg
train/images/image169-1.jpg train/labels/image169-1.jpg
train/images/image169-2.jpg train/labels/image169-2.jpg
train/images/image170-0.jpg train/labels/image170-0.jpg
train/images/image170-1.jpg train/labels/image170-1.jpg
train/images/image170-2.jpg train/labels/image170-2.jpg
train/images/image171-0.jpg train/labels/image171-0.jpg
train/images/image171-1.jpg train/labels/image171-1.jpg
train/images/image171-2.jpg train/labels/image171-2.jpg
train/images/image172-0.jpg train/labels/image172-0.jpg
train/images/image172-1.jpg train/labels/image172-1.jpg
train/images/image172-2.jpg train/labels/image172-2.jpg
train/images/image173-0.jpg train/labels/image173-0.jpg
train/images/image173-1.jpg train/labels/image173-1.jpg
train/images/image173-2.jpg train/labels/image173-2.jpg
train/images/image174-0.jpg train/labels/image174-0.jpg
train/images/image174-1.jpg train/labels/image174-1.jpg
train/images/image174-2.jpg train/labels/image174-2.jpg
train/images/image175-1.jpg train/labels/image175-1.jpg
train/images/image175-2.jpg train/labels/image175-2.jpg
train/images/image176-0.jpg train/labels/image176-0.jpg
train/images/image176-1.jpg train/labels/image176-1.jpg
train/images/image176-2.jpg train/labels/image176-2.jpg
train/images/image177-0.jpg train/labels/image177-0.jpg
train/images/image177-1.jpg train/labels/image177-1.jpg
train/images/image177-2.jpg train/labels/image177-2.jpg
train/images/image178-0.jpg train/labels/image178-0.jpg
train/images/image178-1.jpg train/labels/image178-1.jpg
train/images/image178-2.jpg train/labels/image178-2.jpg
train/images/image179-0.jpg train/labels/image179-0.jpg
train/images/image179-1.jpg train/labels/image179-1.jpg
train/images/image179-2.jpg train/labels/image179-2.jpg
train/images/image180-0.jpg train/labels/image180-0.jpg
train/images/image180-1.jpg train/labels/image180-1.jpg
train/images/image180-2.jpg train/labels/image180-2.jpg
train/images/image181-0.jpg train/labels/image181-0.jpg
train/images/image181-1.jpg train/labels/image181-1.jpg
train/images/image181-2.jpg train/labels/image181-2.jpg
train/images/image182-0.jpg train/labels/image182-0.jpg
train/images/image182-1.jpg train/labels/image182-1.jpg
train/images/image183-0.jpg train/labels/image183-0.jpg
train/images/image183-2.jpg train/labels/image183-2.jpg
train/images/image184-0.jpg train/labels/image184-0.jpg
train/images/image184-1.jpg train/labels/image184-1.jpg
train/images/image184-2.jpg train/labels/image184-2.jpg
train/images/image185-0.jpg train/labels/image185-0.jpg
train/images/image185-1.jpg train/labels/image185-1.jpg
train/images/image185-2.jpg train/labels/image185-2.jpg
train/images/image186-0.jpg train/labels/image186-0.jpg
train/images/image186-1.jpg train/labels/image186-1.jpg
train/images/image187-0.jpg train/labels/image187-0.jpg
train/images/image187-1.jpg train/labels/image187-1.jpg
train/images/image187-2.jpg train/labels/image187-2.jpg
train/images/image188-0.jpg train/labels/image188-0.jpg
train/images/image188-1.jpg train/labels/image188-1.jpg
train/images/image188-2.jpg train/labels/image188-2.jpg
train/images/image190-0.jpg train/labels/image190-0.jpg
train/images/image190-1.jpg train/labels/image190-1.jpg
train/images/image191-0.jpg train/labels/image191-0.jpg
train/images/image191-1.jpg train/labels/image191-1.jpg
train/images/image191-2.jpg train/labels/image191-2.jpg
train/images/image192-0.jpg train/labels/image192-0.jpg
train/images/image192-1.jpg train/labels/image192-1.jpg
train/images/image193-0.jpg train/labels/image193-0.jpg
train/images/image193-1.jpg train/labels/image193-1.jpg
train/images/image193-2.jpg train/labels/image193-2.jpg
train/images/image194-0.jpg train/labels/image194-0.jpg
train/images/image194-1.jpg train/labels/image194-1.jpg
train/images/image194-2.jpg train/labels/image194-2.jpg
train/images/image195-0.jpg train/labels/image195-0.jpg
train/images/image195-1.jpg train/labels/image195-1.jpg
train/images/image195-2.jpg train/labels/image195-2.jpg
train/images/image196-0.jpg train/labels/image196-0.jpg
train/images/image197-1.jpg train/labels/image197-1.jpg
train/images/image197-2.jpg train/labels/image197-2.jpg
train/images/image198-0.jpg train/labels/image198-0.jpg
train/images/image198-1.jpg train/labels/image198-1.jpg
train/images/image198-2.jpg train/labels/image198-2.jpg
train/images/image199-0.jpg train/labels/image199-0.jpg
train/images/image199-1.jpg train/labels/image199-1.jpg
train/images/image199-2.jpg train/labels/image199-2.jpg
train/images/image200-0.jpg train/labels/image200-0.jpg
train/images/image200-1.jpg train/labels/image200-1.jpg
train/images/image200-2.jpg train/labels/image200-2.jpg
train/images/image201-0.jpg train/labels/image201-0.jpg
train/images/image201-1.jpg train/labels/image201-1.jpg
train/images/image201-2.jpg train/labels/image201-2.jpg
train/images/image202-0.jpg train/labels/image202-0.jpg
train/images/image202-1.jpg train/labels/image202-1.jpg
train/images/image202-2.jpg train/labels/image202-2.jpg
train/images/image203-0.jpg train/labels/image203-0.jpg
train/images/image203-1.jpg train/labels/image203-1.jpg
train/images/image203-2.jpg train/labels/image203-2.jpg
train/images/image204-0.jpg train/labels/image204-0.jpg
train/images/image204-1.jpg train/labels/image204-1.jpg
train/images/image204-2.jpg train/labels/image204-2.jpg
train/images/image205-0.jpg train/labels/image205-0.jpg
train/images/image205-1.jpg train/labels/image205-1.jpg
train/images/image205-2.jpg train/labels/image205-2.jpg
train/images/image207-0.jpg train/labels/image207-0.jpg
train/images/image207-1.jpg train/labels/image207-1.jpg
train/images/image207-2.jpg train/labels/image207-2.jpg
train/images/image208-0.jpg train/labels/image208-0.jpg
train/images/image208-1.jpg train/labels/image208-1.jpg
train/images/image208-2.jpg train/labels/image208-2.jpg
train/images/image209-0.jpg train/labels/image209-0.jpg
train/images/image209-1.jpg train/labels/image209-1.jpg
train/images/image209-2.jpg train/labels/image209-2.jpg
train/images/image210-0.jpg train/labels/image210-0.jpg
train/images/image210-1.jpg train/labels/image210-1.jpg
train/images/image210-2.jpg train/labels/image210-2.jpg
train/images/image211-0.jpg train/labels/image211-0.jpg
train/images/image211-1.jpg train/labels/image211-1.jpg
train/images/image211-2.jpg train/labels/image211-2.jpg
train/images/image212-0.jpg train/labels/image212-0.jpg
train/images/image212-1.jpg train/labels/image212-1.jpg
train/images/image212-2.jpg train/labels/image212-2.jpg
train/images/image213-0.jpg train/labels/image213-0.jpg
train/images/image213-1.jpg train/labels/image213-1.jpg
train/images/image213-2.jpg train/labels/image213-2.jpg
train/images/image214-0.jpg train/labels/image214-0.jpg
train/images/image214-1.jpg train/labels/image214-1.jpg
train/images/image214-2.jpg train/labels/image214-2.jpg
train/images/image215-0.jpg train/labels/image215-0.jpg
train/images/image215-1.jpg train/labels/image215-1.jpg
train/images/image215-2.jpg train/labels/image215-2.jpg
train/images/image216-0.jpg train/labels/image216-0.jpg
train/images/image216-1.jpg train/labels/image216-1.jpg
train/images/image216-2.jpg train/labels/image216-2.jpg
train/images/image217-0.jpg train/labels/image217-0.jpg
train/images/image217-1.jpg train/labels/image217-1.jpg
train/images/image217-2.jpg train/labels/image217-2.jpg
train/images/image218-0.jpg train/labels/image218-0.jpg
train/images/image218-1.jpg train/labels/image218-1.jpg
train/images/image218-2.jpg train/labels/image218-2.jpg
train/images/image220-0.jpg train/labels/image220-0.jpg
train/images/image220-1.jpg train/labels/image220-1.jpg
train/images/image222-0.jpg train/labels/image222-0.jpg
train/images/image222-1.jpg train/labels/image222-1.jpg
train/images/image222-2.jpg train/labels/image222-2.jpg
train/images/image223-0.jpg train/labels/image223-0.jpg
train/images/image223-1.jpg train/labels/image223-1.jpg
train/images/image223-2.jpg train/labels/image223-2.jpg
train/images/image224-0.jpg train/labels/image224-0.jpg
train/images/image224-1.jpg train/labels/image224-1.jpg
train/images/image224-2.jpg train/labels/image224-2.jpg
train/images/image225-0.jpg train/labels/image225-0.jpg
train/images/image225-1.jpg train/labels/image225-1.jpg
train/images/image225-2.jpg train/labels/image225-2.jpg
train/images/image226-0.jpg train/labels/image226-0.jpg
train/images/image226-1.jpg train/labels/image226-1.jpg
train/images/image226-2.jpg train/labels/image226-2.jpg
train/images/image227-0.jpg train/labels/image227-0.jpg
train/images/image227-1.jpg train/labels/image227-1.jpg
train/images/image227-2.jpg train/labels/image227-2.jpg
train/images/image228-0.jpg train/labels/image228-0.jpg
train/images/image228-1.jpg train/labels/image228-1.jpg
train/images/image228-2.jpg train/labels/image228-2.jpg
train/images/image229-0.jpg train/labels/image229-0.jpg
train/images/image229-1.jpg train/labels/image229-1.jpg
train/images/image229-2.jpg train/labels/image229-2.jpg
train/images/image230-0.jpg train/labels/image230-0.jpg
train/images/image230-1.jpg train/labels/image230-1.jpg
train/images/image234-0.jpg train/labels/image234-0.jpg
train/images/image234-1.jpg train/labels/image234-1.jpg
train/images/image234-2.jpg train/labels/image234-2.jpg
train/images/image235-1.jpg train/labels/image235-1.jpg
train/images/image235-2.jpg train/labels/image235-2.jpg
train/images/image236-0.jpg train/labels/image236-0.jpg
train/images/image236-1.jpg train/labels/image236-1.jpg
train/images/image236-2.jpg train/labels/image236-2.jpg
train/images/image237-0.jpg train/labels/image237-0.jpg
train/images/image237-1.jpg train/labels/image237-1.jpg
train/images/image237-2.jpg train/labels/image237-2.jpg
train/images/image238-0.jpg train/labels/image238-0.jpg
train/images/image238-1.jpg train/labels/image238-1.jpg
train/images/image238-2.jpg train/labels/image238-2.jpg
train/images/image239-0.jpg train/labels/image239-0.jpg
train/images/image239-1.jpg train/labels/image239-1.jpg
train/images/image239-2.jpg train/labels/image239-2.jpg
train/images/image240-0.jpg train/labels/image240-0.jpg
train/images/image240-1.jpg train/labels/image240-1.jpg
train/images/image240-2.jpg train/labels/image240-2.jpg
train/images/image241-0.jpg train/labels/image241-0.jpg
train/images/image241-1.jpg train/labels/image241-1.jpg
train/images/image241-2.jpg train/labels/image241-2.jpg
train/images/image242-0.jpg train/labels/image242-0.jpg
train/images/image242-1.jpg train/labels/image242-1.jpg
train/images/image242-2.jpg train/labels/image242-2.jpg
train/images/image243-0.jpg train/labels/image243-0.jpg
